[ccna.smarthand.ro/index.html]
[backblue.gif]
[fade.gif]
[index.html]
[ccna.smarthand.ro/xmlrpc.php]
[ccna.smarthand.ro/feed]
[ccna.smarthand.ro/comments/feed]
[ccna.smarthand.ro/wp-content/plugins/wp-filebase/wp-filebase_css824a.css]
[ccna.smarthand.ro/wp-content/plugins/spam-free-wordpress/css/sfw-comment-style3a17.css]
[ccna.smarthand.ro/wp-content/plugins/wp-polls/polls-css4d49.css]
[ccna.smarthand.ro/wp-content/themes/snowblind/stylef43b.css]
[ccna.smarthand.ro/wp-content/plugins/wp-downloadmanager/download-css66e0.css]
[ccna.smarthand.ro/wp-content/plugins/custom-post-donations/scripts/cp-donationsf43b.js]
[ccna.smarthand.ro/xmlrpc0db0.php]
[ccna.smarthand.ro/wp-includes/wlwmanifest.xml]
[ccna.smarthand.ro/wp-content/plugins/menu-effect/jquery-latestf43b.js]
[pulsemaps.com/trackerad69.js]
[ccna.smarthand.ro/sample-page.html]
[ccna.smarthand.ro/ccna1-chapter-02.html]
[ccna.smarthand.ro/ccna1-chapter-03.html]
[ccna.smarthand.ro/ccna1-chapter-04.html]
[ccna.smarthand.ro/ccna1-chapter-05.html]
[ccna.smarthand.ro/ccna1-chapter-06.html]
[ccna.smarthand.ro/ccna1-chapter-07.html]
[ccna.smarthand.ro/ccna1-chapter-08.html]
[ccna.smarthand.ro/ccna1-chapter-09.html]
[ccna.smarthand.ro/ccna1-chapter-10.html]
[ccna.smarthand.ro/ccna1-chapter-11.html]
[ccna.smarthand.ro/ccna1-enetwork-pt-practice-sba.html]
[ccna.smarthand.ro/ccna1-practice-final.html]
[ccna.smarthand.ro/ccna2-chapter-02.html]
[ccna.smarthand.ro/ccna2-chapter-03.html]
[ccna.smarthand.ro/ccna2-chapter-04.html]
[ccna.smarthand.ro/ccna2-chapter-05.html]
[ccna.smarthand.ro/ccna2-chapter-06.html]
[ccna.smarthand.ro/ccna2-chapter-07.html]
[ccna.smarthand.ro/ccna2-chapter-08.html]
[ccna.smarthand.ro/ccna2-chapter-09.html]
[ccna.smarthand.ro/ccna2-chapter-10.html]
[ccna.smarthand.ro/ccna2-chapter-11.html]
[ccna.smarthand.ro/ccna2-practice-final.html]
[ccna.smarthand.ro/ccna2-practice-pdf.html]
[ccna.smarthand.ro/it-essentials-chapter-01.html]
[ccna.smarthand.ro/it-essentials-chapter-02.html]
[ccna.smarthand.ro/it-essentials-chapter-03.html]
[ccna.smarthand.ro/it-essentials-chapter-05.html]
[ccna.smarthand.ro/it-essentials-chapter-06.html]
[ccna.smarthand.ro/it-essentials-chapter-07.html]
[ccna.smarthand.ro/it-essentials-chapter-08.html]
[ccna.smarthand.ro/it-essentials-chapter-09.html]
[ccna.smarthand.ro/it-essentials-chapter-10.html]
[ccna.smarthand.ro/it-essentials-chapter-11.html]
[ccna.smarthand.ro/it-essentials-chapter-12.html]
[ccna.smarthand.ro/it-essentials-chapter-13.html]
[ccna.smarthand.ro/it-essentials-chapter-14.html]
[ccna.smarthand.ro/it-essentials-chapter-15.html]
[ccna.smarthand.ro/it-essentials-chapter-15-2.html]
[ccna.smarthand.ro/it-essentials-chapter-windows-7.html]
[ccna.smarthand.ro/it-essentials-practice-final-exam-1-10.html]
[ccna.smarthand.ro/wp-content/themes/snowblind/library/images/rsstop.png]
[ccna.smarthand.ro/it-essentials-practice-final-exam-11-16.html]
[ccna.smarthand.ro/category/uncategorized.html]
[ccna.smarthand.ro/primapagina]
[ccna.smarthand.ro/author/stelianb.html]
[sstatic1.histats.com/0c492.gif]
[pulsemaps.com/widgeta8e9.js]
[ccna.smarthand.ro/wp-content/plugins/wp-polls/polls-js4d49.js]
[ccna.smarthand.ro/wp-content/themes/snowblind/library/js/harveyf43b.js]
[ccna.smarthand.ro/wp-content/themes/snowblind/library/js/themef43b.js]
[ccna.smarthand.ro/index.html]
[ccna.smarthand.ro/wp-content/plugins/wp-filebase/images/down-green.png]
[ccna.smarthand.ro/wp-content/plugins/wp-filebase/images/down.png]
[ccna.smarthand.ro/wp-content/plugins/wp-filebase/wp-filebase_css824a.css]
[ccna.smarthand.ro/wp-content/plugins/spam-free-wordpress/images/comments/comment-arrow.png]
[ccna.smarthand.ro/wp-content/plugins/spam-free-wordpress/css/sfw-comment-style3a17.css]
[ccna.smarthand.ro/wp-content/plugins/wp-polls/polls-css4d49.css]
[ccna.smarthand.ro/wp-content/themes/snowblind/library/fonts/fontawesome-webfont3294.eot]
[ccna.smarthand.ro/wp-content/themes/snowblind/library/fonts/fontawesome-webfontd41d.eot]
[ccna.smarthand.ro/wp-content/themes/snowblind/library/fonts/fontawesome-webfont3294.woff]
[ccna.smarthand.ro/wp-content/themes/snowblind/library/fonts/fontawesome-webfont3294.ttf]
[ccna.smarthand.ro/wp-content/themes/snowblind/library/images/tri.png]
[ccna.smarthand.ro/wp-content/themes/snowblind/library/images/bottom.png]
[ccna.smarthand.ro/wp-content/themes/snowblind/stylef43b.css]
[ccna.smarthand.ro/wp-content/plugins/wp-downloadmanager/download-css66e0.css]
[ccna.smarthand.ro/sample-page/feed]
[ccna.smarthand.ro/wp-includes/js/comment-reply.minf43b.js]
[ccna.smarthand.ro/sample-page71fb.html]
[ccna.smarthand.ro/index905b.html]
[ccna.smarthand.ro/sample-page7207.html]
[ccna.smarthand.ro/sample-page.html]
[ccna.smarthand.ro/sample-page3e91.html]
[ccna.smarthand.ro/ccna1-chapter-02/feed]
[ccna.smarthand.ro/wp-content/uploads/2013/04/ccna1-2-5.jpg]
[ccna.smarthand.ro/wp-content/uploads/2013/04/ccna1-2-12.jpg]
[ccna.smarthand.ro/index42dc.html]
[ccna.smarthand.ro/wp-content/uploads/2013/04/ccna1-2-13.jpg]
[ccna.smarthand.ro/wp-content/uploads/2013/04/ccna1-2-16.jpg]
[ccna.smarthand.ro/wp-content/uploads/2013/04/ccna1-2-18.jpg]
[ccna.smarthand.ro/wp-content/uploads/2013/04/ccna1-2-21.jpg]
[ccna.smarthand.ro/ccna1-chapter-02.html]
[ccna.smarthand.ro/ccna1-chapter-03/feed]
[ccna.smarthand.ro/wp-content/uploads/2013/04/ccna1-3-13.jpg]
[ccna.smarthand.ro/ccna1-chapter-03.html]
[ccna.smarthand.ro/ccna1-chapter-04/feed]
[ccna.smarthand.ro/index2df4.html]
[ccna.smarthand.ro/wp-content/uploads/2013/04/ccna1-4-1.jpg]
[ccna.smarthand.ro/wp-content/uploads/2013/04/ccna1-4-5.jpg]
[ccna.smarthand.ro/index64b4.html]
[ccna.smarthand.ro/wp-content/uploads/2013/04/ccna1-4-6.jpg]
[ccna.smarthand.ro/wp-content/uploads/2013/04/ccna1-4-16.jpg]
[ccna.smarthand.ro/wp-content/uploads/2013/04/ccna1-4-19.jpg]
[ccna.smarthand.ro/ccna1-chapter-04.html]
[ccna.smarthand.ro/ccna1-chapter-05/feed]
[ccna.smarthand.ro/wp-content/uploads/2013/04/ccna1-5-5.jpg]
[ccna.smarthand.ro/index2dc4.html]
[ccna.smarthand.ro/wp-content/uploads/2013/04/ccna1-5-15.jpg]
[ccna.smarthand.ro/wp-content/uploads/2013/04/ccna1-5-19.jpg]
[ccna.smarthand.ro/wp-content/uploads/2013/04/ccna1-5-20.jpg]
[ccna.smarthand.ro/wp-content/uploads/2013/04/ccna1-5-21.jpg]
[ccna.smarthand.ro/ccna1-chapter-05.html]
[ccna.smarthand.ro/ccna1-chapter-06/feed]
[ccna.smarthand.ro/wp-content/uploads/2013/04/ccna1-6-10.jpg]
[ccna.smarthand.ro/indexa1ca.html]
[ccna.smarthand.ro/wp-content/uploads/2013/04/ccna1-6-11.jpg]
[ccna.smarthand.ro/wp-content/uploads/2013/04/ccna1-6-13.jpg]
[ccna.smarthand.ro/wp-content/uploads/2013/04/ccna1-6-14.jpg]
[ccna.smarthand.ro/wp-content/uploads/2013/04/ccna1-6-18.jpg]
[ccna.smarthand.ro/wp-content/uploads/2013/04/ccna1-6-20.jpg]
[ccna.smarthand.ro/ccna1-chapter-06.html]
[ccna.smarthand.ro/ccna1-chapter-07/feed]
[ccna.smarthand.ro/wp-content/uploads/2013/04/ccna1-7-4.jpg]
[ccna.smarthand.ro/wp-content/uploads/2013/04/ccna1-7-9.jpg]
[ccna.smarthand.ro/indexd8eb.html]
[ccna.smarthand.ro/wp-content/uploads/2013/04/ccna1-7-13.jpg]
[ccna.smarthand.ro/wp-content/uploads/2013/04/ccna1-7-15.jpg]
[ccna.smarthand.ro/wp-includes/images/smilies/icon_smile.gif]
[ccna.smarthand.ro/ccna1-chapter-07.html]
[ccna.smarthand.ro/ccna1-chapter-07118b.html]
[ccna.smarthand.ro/ccna1-chapter-08/feed]
[ccna.smarthand.ro/wp-content/uploads/2013/04/ccna1-8-15.jpg]
[ccna.smarthand.ro/wp-content/uploads/2013/04/ccna1-8-17.jpg]
[ccna.smarthand.ro/ccna1-chapter-08.html]
[ccna.smarthand.ro/index5831.html]
[ccna.smarthand.ro/ccna1-chapter-09/feed]
[ccna.smarthand.ro/wp-content/uploads/2013/04/ccna1-9-1.jpg]
[ccna.smarthand.ro/wp-content/uploads/2013/04/ccna1-9-9.jpg]
[ccna.smarthand.ro/index3965.html]
[ccna.smarthand.ro/wp-content/uploads/2013/04/ccna1-9-14.jpg]
[ccna.smarthand.ro/wp-content/uploads/2013/04/ccna1-9-15.jpg]
[ccna.smarthand.ro/ccna1-chapter-09.html]
[ccna.smarthand.ro/ccna1-chapter-10/feed]
[ccna.smarthand.ro/wp-content/uploads/2013/04/ccna1-10-2.jpg]
[ccna.smarthand.ro/wp-content/uploads/2013/04/ccna1-10-5.jpg]
[ccna.smarthand.ro/index40a0.html]
[ccna.smarthand.ro/wp-content/uploads/2013/04/ccna1-10-6.jpg]
[ccna.smarthand.ro/wp-content/uploads/2013/04/ccna1-10-7.jpg]
[ccna.smarthand.ro/wp-content/uploads/2013/04/ccna1-10-9.jpg]
[ccna.smarthand.ro/wp-content/uploads/2013/04/ccna1-10-14.jpg]
[ccna.smarthand.ro/wp-content/uploads/2013/04/ccna1-10-17.jpg]
[ccna.smarthand.ro/wp-content/uploads/2013/04/ccna1-10-18.jpg]
[ccna.smarthand.ro/wp-content/uploads/2013/04/ccna1-10-19.jpg]
[ccna.smarthand.ro/wp-content/uploads/2013/04/ccna1-10-20.jpg]
[ccna.smarthand.ro/ccna1-chapter-10.html]
[ccna.smarthand.ro/ccna1-chapter-11/feed]
[ccna.smarthand.ro/wp-content/uploads/2013/04/ccna1-11-2.jpg]
[ccna.smarthand.ro/wp-content/uploads/2013/04/ccna1-11-3.jpg]
[ccna.smarthand.ro/index970c.html]
[ccna.smarthand.ro/wp-content/uploads/2013/04/ccna1-11-4.jpg]
[ccna.smarthand.ro/wp-content/uploads/2013/04/ccna1-11-6.jpg]
[ccna.smarthand.ro/wp-content/uploads/2013/04/ccna1-11-7.jpg]
[ccna.smarthand.ro/wp-content/uploads/2013/04/ccna1-11-11.jpg]
[ccna.smarthand.ro/wp-content/uploads/2013/04/ccna1-11-14.jpg]
[ccna.smarthand.ro/wp-content/uploads/2013/04/ccna1-11-15a.jpg]
[ccna.smarthand.ro/wp-content/uploads/2013/04/ccna1-11-15b.jpg]
[ccna.smarthand.ro/wp-content/uploads/2013/04/ccna1-11-16.jpg]
[ccna.smarthand.ro/wp-content/uploads/2013/04/ccna1-11-18.jpg]
[ccna.smarthand.ro/ccna1-chapter-11.html]
[ccna.smarthand.ro/ccna1-enetwork-pt-practice-sba/feed]
[ccna.smarthand.ro/ccna1-enetwork-pt-practice-sba0843.html]
[ccna.smarthand.ro/index1c4a.html]
[ccna.smarthand.ro/ccna1-enetwork-pt-practice-sbabde5.html]
[ccna.smarthand.ro/ccna1-enetwork-pt-practice-sba6fab.html]
[ccna.smarthand.ro/ccna1-enetwork-pt-practice-sbacb29.html]
[ccna.smarthand.ro/ccna1-enetwork-pt-practice-sba.html]
[ccna.smarthand.ro/ccna1-enetwork-pt-practice-sba9a29.html]
[ccna.smarthand.ro/ccna1-practice-final/feed]
[ccna.smarthand.ro/wp-content/uploads/2013/04/ccna2-1-2.jpg]
[ccna.smarthand.ro/wp-content/uploads/2013/04/ccna2-1-4.jpg]
[ccna.smarthand.ro/index9cd7.html]
[ccna.smarthand.ro/wp-content/uploads/2013/04/ccna2-1-7.jpg]
[ccna.smarthand.ro/wp-content/uploads/2013/04/ccna2-1-8.jpg]
[ccna.smarthand.ro/wp-content/uploads/2013/04/ccna2-1-10.jpg]
[ccna.smarthand.ro/wp-content/uploads/2013/04/ccna2-1-13.jpg]
[ccna.smarthand.ro/wp-content/uploads/2013/04/ccna2-1-14.jpg]
[ccna.smarthand.ro/wp-content/uploads/2013/04/ccna2-1-16.jpg]
[ccna.smarthand.ro/ccna1-practice-final.html]
[ccna.smarthand.ro/ccna1-practice-final3b10.html]
[ccna.smarthand.ro/ccna2-chapter-02/feed]
[ccna.smarthand.ro/wp-content/uploads/2013/04/ccna2-2-3.jpg]
[ccna.smarthand.ro/index6c46.html]
[ccna.smarthand.ro/wp-content/uploads/2013/04/ccna2-2-4.jpg]
[ccna.smarthand.ro/wp-content/uploads/2013/04/ccna2-2-5.jpg]
[ccna.smarthand.ro/wp-content/uploads/2013/04/ccna2-2-9.jpg]
[ccna.smarthand.ro/wp-content/uploads/2013/04/ccna2-2-10.jpg]
[ccna.smarthand.ro/wp-content/uploads/2013/04/ccna2-2-12.jpg]
[ccna.smarthand.ro/wp-content/uploads/2013/04/ccna2-2-15.jpg]
[ccna.smarthand.ro/wp-content/uploads/2013/04/ccna2-2-18.jpg]
[ccna.smarthand.ro/ccna2-chapter-02.html]
[ccna.smarthand.ro/ccna2-chapter-03/feed]
[ccna.smarthand.ro/wp-content/uploads/2013/04/ccna2-3-2.jpg]
[ccna.smarthand.ro/wp-content/uploads/2013/04/ccna2-3-16.jpg]
[ccna.smarthand.ro/index1e7e.html]
[ccna.smarthand.ro/wp-content/uploads/2013/04/ccna2-3-19.jpg]
[ccna.smarthand.ro/ccna2-chapter-03.html]
[ccna.smarthand.ro/ccna2-chapter-04/feed]
[ccna.smarthand.ro/wp-content/uploads/2013/04/ccna2-4-8.jpg]
[ccna.smarthand.ro/wp-content/uploads/2013/04/ccna2-4-10.jpg]
[ccna.smarthand.ro/index0d0b.html]
[ccna.smarthand.ro/wp-content/uploads/2013/04/ccna2-4-13.jpg]
[ccna.smarthand.ro/wp-content/uploads/2013/04/ccna2-4-15.jpg]
[ccna.smarthand.ro/wp-content/uploads/2013/04/ccna2-4-20.jpg]
[ccna.smarthand.ro/ccna2-chapter-04.html]
[ccna.smarthand.ro/ccna2-chapter-05/feed]
[ccna.smarthand.ro/wp-content/uploads/2013/04/ccna2-5-1.jpg]
[ccna.smarthand.ro/indexb93f.html]
[ccna.smarthand.ro/wp-content/uploads/2013/04/ccna2-5-2.jpg]
[ccna.smarthand.ro/wp-content/uploads/2013/04/ccna2-5-3.jpg]
[ccna.smarthand.ro/wp-content/uploads/2013/04/ccna2-5-4.jpg]
[ccna.smarthand.ro/wp-content/uploads/2013/04/ccna2-5-7.jpg]
[ccna.smarthand.ro/wp-content/uploads/2013/04/ccna2-5-12.jpg]
[ccna.smarthand.ro/wp-content/uploads/2013/04/ccna2-5-13.jpg]
[ccna.smarthand.ro/wp-content/uploads/2013/04/ccna2-5-14.jpg]
[ccna.smarthand.ro/wp-content/uploads/2013/04/ccna2-5-15.jpg]
[ccna.smarthand.ro/wp-content/uploads/2013/04/ccna2-5-17.jpg]
[ccna.smarthand.ro/wp-content/uploads/2013/04/ccna2-5-19.jpg]
[ccna.smarthand.ro/ccna2-chapter-05.html]
[ccna.smarthand.ro/ccna2-chapter-06/feed]
[ccna.smarthand.ro/wp-content/uploads/2013/04/ccna2-6-2.jpg]
[ccna.smarthand.ro/indexba52.html]
[ccna.smarthand.ro/wp-content/uploads/2013/04/ccna2-6-3.jpg]
[ccna.smarthand.ro/wp-content/uploads/2013/04/ccna2-6-7.jpg]
[ccna.smarthand.ro/wp-content/uploads/2013/04/ccna2-6-8.jpg]
[ccna.smarthand.ro/wp-content/uploads/2013/04/ccna2-6-11.jpg]
[ccna.smarthand.ro/wp-content/uploads/2013/04/ccna2-6-12.jpg]
[ccna.smarthand.ro/wp-content/uploads/2013/04/ccna2-6-13.jpg]
[ccna.smarthand.ro/wp-content/uploads/2013/04/ccna2-6-15.jpg]
[ccna.smarthand.ro/wp-content/uploads/2013/04/ccna2-6-16.jpg]
[ccna.smarthand.ro/wp-content/uploads/2013/04/ccna2-6-17.jpg]
[ccna.smarthand.ro/wp-content/uploads/2013/04/ccna2-6-18.jpg]
[ccna.smarthand.ro/wp-content/uploads/2013/04/ccna2-6-19.jpg]
[ccna.smarthand.ro/ccna2-chapter-06.html]
[ccna.smarthand.ro/ccna2-chapter-07/feed]
[ccna.smarthand.ro/wp-content/uploads/2013/04/ccna2-7-1.jpg]
[ccna.smarthand.ro/wp-content/uploads/2013/04/ccna2-7-6.jpg]
[ccna.smarthand.ro/indexcbb6.html]
[ccna.smarthand.ro/wp-content/uploads/2013/04/ccna2-7-7.jpg]
[ccna.smarthand.ro/wp-content/uploads/2013/04/ccna2-7-8.jpg]
[ccna.smarthand.ro/wp-content/uploads/2013/04/ccna2-7-9.jpg]
[ccna.smarthand.ro/wp-content/uploads/2013/04/ccna2-7-10.jpg]
[ccna.smarthand.ro/wp-content/uploads/2013/04/ccna2-7-11.jpg]
[ccna.smarthand.ro/wp-content/uploads/2013/04/ccna2-7-14.jpg]
[ccna.smarthand.ro/wp-content/uploads/2013/04/ccna2-7-15.jpg]
[ccna.smarthand.ro/wp-content/uploads/2013/04/ccna2-7-16.jpg]
[ccna.smarthand.ro/wp-content/uploads/2013/04/ccna2-7-19.jpg]
[ccna.smarthand.ro/ccna2-chapter-07.html]
[ccna.smarthand.ro/ccna2-chapter-08/feed]
[ccna.smarthand.ro/wp-content/uploads/2013/04/ccna2-8-3.jpg]
[ccna.smarthand.ro/index4170.html]
[ccna.smarthand.ro/wp-content/uploads/2013/04/ccna2-8-6.jpg]
[ccna.smarthand.ro/wp-content/uploads/2013/04/ccna2-8-7.jpg]
[ccna.smarthand.ro/wp-content/uploads/2013/04/ccna2-8-8.jpg]
[ccna.smarthand.ro/wp-content/uploads/2013/04/ccna2-8-9.jpg]
[ccna.smarthand.ro/wp-content/uploads/2013/04/ccna2-8-10.jpg]
[ccna.smarthand.ro/wp-content/uploads/2013/04/ccna2-8-11.jpg]
[ccna.smarthand.ro/wp-content/uploads/2013/04/ccna2-8-13.jpg]
[ccna.smarthand.ro/wp-content/uploads/2013/04/ccna2-8-14.jpg]
[ccna.smarthand.ro/wp-content/uploads/2013/04/ccna2-8-16.jpg]
[ccna.smarthand.ro/wp-content/uploads/2013/04/ccna2-8-17.jpg]
[ccna.smarthand.ro/wp-content/uploads/2013/04/ccna2-8-18.jpg]
[ccna.smarthand.ro/ccna2-chapter-08.html]
[ccna.smarthand.ro/ccna2-chapter-09/feed]
[ccna.smarthand.ro/index5e74.html]
[ccna.smarthand.ro/wp-content/uploads/2013/04/ccna2-9-1.jpg]
[ccna.smarthand.ro/wp-content/uploads/2013/04/ccna2-9-3.jpg]
[ccna.smarthand.ro/wp-content/uploads/2013/04/ccna2-9-5.jpg]
[ccna.smarthand.ro/wp-content/uploads/2013/04/ccna2-9-9.jpg]
[ccna.smarthand.ro/wp-content/uploads/2013/04/ccna2-9-11.jpg]
[ccna.smarthand.ro/wp-content/uploads/2013/04/ccna2-9-15.jpg]
[ccna.smarthand.ro/wp-content/uploads/2013/04/ccna2-9-17.jpg]
[ccna.smarthand.ro/wp-content/uploads/2013/04/ccna2-9-19.jpg]
[ccna.smarthand.ro/wp-content/uploads/2013/04/ccna2-9-20.jpg]
[ccna.smarthand.ro/wp-content/uploads/2013/04/ccna2-9-21.jpg]
[ccna.smarthand.ro/ccna2-chapter-09.html]
[ccna.smarthand.ro/ccna2-chapter-10/feed]
[ccna.smarthand.ro/wp-content/uploads/2013/04/ccna2-10-3.jpg]
[ccna.smarthand.ro/indexcb30.html]
[ccna.smarthand.ro/wp-content/uploads/2013/04/ccna2-10-5.jpg]
[ccna.smarthand.ro/wp-content/uploads/2013/04/ccna2-10-13.jpg]
[ccna.smarthand.ro/wp-content/uploads/2013/04/ccna2-10-16.jpg]
[ccna.smarthand.ro/wp-content/uploads/2013/04/ccna2-10-19.jpg]
[ccna.smarthand.ro/ccna2-chapter-10.html]
[ccna.smarthand.ro/ccna2-chapter-11/feed]
[ccna.smarthand.ro/wp-content/uploads/2013/04/ccna2-11-1.jpg]
[ccna.smarthand.ro/wp-content/uploads/2013/04/ccna2-11-2.jpg]
[ccna.smarthand.ro/index0012.html]
[ccna.smarthand.ro/wp-content/uploads/2013/04/ccna2-11-3.jpg]
[ccna.smarthand.ro/wp-content/uploads/2013/04/ccna2-11-4.jpg]
[ccna.smarthand.ro/wp-content/uploads/2013/04/ccna2-11-5.jpg]
[ccna.smarthand.ro/wp-content/uploads/2013/04/ccna2-11-6.jpg]
[ccna.smarthand.ro/wp-content/uploads/2013/04/ccna2-11-7.jpg]
[ccna.smarthand.ro/wp-content/uploads/2013/04/ccna2-11-8.jpg]
[ccna.smarthand.ro/wp-content/uploads/2013/04/ccna2-11-10.jpg]
[ccna.smarthand.ro/wp-content/uploads/2013/04/ccna2-11-11.jpg]
[ccna.smarthand.ro/wp-content/uploads/2013/04/ccna2-11-12.jpg]
[ccna.smarthand.ro/wp-content/uploads/2013/04/ccna2-11-15.jpg]
[ccna.smarthand.ro/wp-content/uploads/2013/04/ccna2-11-16.jpg]
[ccna.smarthand.ro/wp-content/uploads/2013/04/ccna2-11-17.jpg]
[ccna.smarthand.ro/wp-content/uploads/2013/04/ccna2-11-18.jpg]
[ccna.smarthand.ro/wp-content/uploads/2013/04/ccna2-11-19.jpg]
[ccna.smarthand.ro/wp-content/uploads/2013/04/ccna2-11-22.jpg]
[ccna.smarthand.ro/wp-content/uploads/2013/04/ccna2-11-23.jpg]
[ccna.smarthand.ro/wp-content/uploads/2013/04/ccna2-11-27.jpg]
[ccna.smarthand.ro/wp-content/uploads/2013/04/ccna2-11-28.jpg]
[ccna.smarthand.ro/wp-content/uploads/2013/04/ccna2-11-29.jpg]
[ccna.smarthand.ro/ccna2-chapter-11.html]
[ccna.smarthand.ro/ccna2-practice-final/feed]
[ccna.smarthand.ro/index8cf7.html]
[ccna.smarthand.ro/ccna2-practice-finala129.html]
[ccna.smarthand.ro/ccna2-practice-final.html]
[ccna.smarthand.ro/ccna2-practice-final194d.html]
[ccna.smarthand.ro/ccna2-practice-pdf/feed]
[ccna.smarthand.ro/ccna2-practice-pdf.html]
[ccna.smarthand.ro/ccna2-practice-pdf3518.html]
[ccna.smarthand.ro/index5fb3.html]
[ccna.smarthand.ro/it-essentials-chapter-01/feed]
[ccna.smarthand.ro/wp-content/uploads/2013/04/itess-1-1.png.jpg]
[ccna.smarthand.ro/wp-content/uploads/2013/04/itess-1-1.png-300x140.jpg]
[ccna.smarthand.ro/index8054.html]
[ccna.smarthand.ro/it-essentials-chapter-01.html]
[ccna.smarthand.ro/it-essentials-chapter-02/feed]
[ccna.smarthand.ro/wp-content/uploads/2013/04/itess-2-4.png.jpg]
[ccna.smarthand.ro/wp-content/uploads/2013/04/itess-2-6.png.jpg]
[ccna.smarthand.ro/index9787.html]
[ccna.smarthand.ro/it-essentials-chapter-012e08.html]
[ccna.smarthand.ro/it-essentials-chapter-02faf1.html]
[ccna.smarthand.ro/it-essentials-chapter-02a82a.html]
[ccna.smarthand.ro/it-essentials-chapter-02.html]
[ccna.smarthand.ro/it-essentials-chapter-02cb1e.html]
[ccna.smarthand.ro/it-essentials-chapter-03/feed]
[ccna.smarthand.ro/wp-content/uploads/2013/04/itess-3-11.png.jpg]
[ccna.smarthand.ro/wp-content/uploads/2013/04/itess-3-11.png-300x86.jpg]
[ccna.smarthand.ro/index1098.html]
[ccna.smarthand.ro/wp-content/uploads/2013/04/itess-3-14.png.jpg]
[ccna.smarthand.ro/wp-content/uploads/2013/04/itess-3-14.png-300x135.jpg]
[ccna.smarthand.ro/it-essentials-chapter-03.html]
[ccna.smarthand.ro/it-essentials-chapter-05/feed]
[ccna.smarthand.ro/it-essentials-chapter-05.html]
[ccna.smarthand.ro/it-essentials-chapter-06/feed]
[ccna.smarthand.ro/index2cce.html]
[ccna.smarthand.ro/it-essentials-chapter-05db9d.html]
[ccna.smarthand.ro/wp-content/uploads/2013/04/itess-6-4.png.jpg]
[ccna.smarthand.ro/wp-content/uploads/2013/04/itess-6-4.png-300x113.jpg]
[ccna.smarthand.ro/wp-content/uploads/2013/04/itess-6-11.png.jpg]
[ccna.smarthand.ro/index7665.html]
[ccna.smarthand.ro/wp-content/uploads/2013/04/itess-6-14.png.jpg]
[ccna.smarthand.ro/wp-content/uploads/2013/04/itess-6-20.png.jpg]
[ccna.smarthand.ro/wp-content/uploads/2013/04/itess-6-21.png.jpg]
[ccna.smarthand.ro/wp-content/uploads/2013/04/itess-6-24.png.jpg]
[ccna.smarthand.ro/it-essentials-chapter-06.html]
[ccna.smarthand.ro/it-essentials-chapter-07/feed]
[ccna.smarthand.ro/wp-content/uploads/2013/04/itess-7-2.png.jpg]
[ccna.smarthand.ro/index96f1.html]
[ccna.smarthand.ro/it-essentials-chapter-07.html]
[ccna.smarthand.ro/it-essentials-chapter-07616c.html]
[ccna.smarthand.ro/it-essentials-chapter-08/feed]
[ccna.smarthand.ro/indexe2dc.html]
[ccna.smarthand.ro/it-essentials-chapter-081b7b.html]
[ccna.smarthand.ro/it-essentials-chapter-085602.html]
[ccna.smarthand.ro/it-essentials-chapter-08.html]
[ccna.smarthand.ro/it-essentials-chapter-08d61b.html]
[ccna.smarthand.ro/it-essentials-chapter-09/feed]
[ccna.smarthand.ro/wp-content/uploads/2013/04/itess-9-19.png.jpg]
[ccna.smarthand.ro/indexb135.html]
[ccna.smarthand.ro/wp-content/uploads/2013/04/itess-9-19.png-300x224.jpg]
[ccna.smarthand.ro/it-essentials-chapter-09.html]
[ccna.smarthand.ro/it-essentials-chapter-10/feed]
[ccna.smarthand.ro/it-essentials-chapter-10.html]
[ccna.smarthand.ro/index6ffe.html]
[ccna.smarthand.ro/it-essentials-chapter-11/feed]
[ccna.smarthand.ro/it-essentials-chapter-11.html]
[ccna.smarthand.ro/index44d0.html]
[ccna.smarthand.ro/it-essentials-chapter-12/feed]
[ccna.smarthand.ro/it-essentials-chapter-1246e3.html]
[ccna.smarthand.ro/index55e4.html]
[ccna.smarthand.ro/it-essentials-chapter-12027c.html]
[ccna.smarthand.ro/it-essentials-chapter-12.html]
[ccna.smarthand.ro/it-essentials-chapter-12f0f0.html]
[ccna.smarthand.ro/it-essentials-chapter-13/feed]
[ccna.smarthand.ro/wp-content/uploads/2013/04/itess-13-1.png.jpg]
[ccna.smarthand.ro/index648c.html]
[ccna.smarthand.ro/it-essentials-chapter-138410.html]
[ccna.smarthand.ro/it-essentials-chapter-13.html]
[ccna.smarthand.ro/it-essentials-chapter-13db5d.html]
[ccna.smarthand.ro/it-essentials-chapter-14/feed]
[ccna.smarthand.ro/it-essentials-chapter-14dcee.html]
[ccna.smarthand.ro/index5d38.html]
[ccna.smarthand.ro/it-essentials-chapter-14.html]
[ccna.smarthand.ro/it-essentials-chapter-143ed4.html]
[ccna.smarthand.ro/it-essentials-chapter-15/feed]
[ccna.smarthand.ro/it-essentials-chapter-15.html]
[ccna.smarthand.ro/index3fbb.html]
[ccna.smarthand.ro/it-essentials-chapter-15-2/feed]
[ccna.smarthand.ro/it-essentials-chapter-15-2.html]
[ccna.smarthand.ro/index8e15.html]
[ccna.smarthand.ro/it-essentials-chapter-windows-7/feed]
[ccna.smarthand.ro/it-essentials-chapter-windows-7.html]
[ccna.smarthand.ro/indexb190.html]
[ccna.smarthand.ro/it-essentials-practice-final-exam-1-10/feed]
[ccna.smarthand.ro/it-essentials-practice-final-exam-1-10.html]
[ccna.smarthand.ro/it-essentials-practice-final-exam-1-108009.html]
[ccna.smarthand.ro/index5401.html]
[ccna.smarthand.ro/it-essentials-practice-final-exam-11-16/feed]
[ccna.smarthand.ro/wp-content/uploads/2013/04/itess-1116-3.png.jpg]
[ccna.smarthand.ro/wp-content/uploads/2013/04/itess-1116-10.png.jpg]
[ccna.smarthand.ro/wp-content/uploads/2013/04/itess-1116-22.png.jpg]
[ccna.smarthand.ro/index198a.html]
[ccna.smarthand.ro/wp-content/uploads/2013/04/itess-1116-26.png.jpg]
[ccna.smarthand.ro/wp-content/uploads/2013/04/itess-1116-28.png.jpg]
[ccna.smarthand.ro/it-essentials-practice-final-exam-11-16fdcf.html]
[ccna.smarthand.ro/it-essentials-practice-final-exam-11-16b147.html]
[ccna.smarthand.ro/it-essentials-practice-final-exam-11-16af49.html]
[ccna.smarthand.ro/it-essentials-practice-final-exam-11-16.html]
[ccna.smarthand.ro/it-essentials-practice-final-exam-11-166a51.html]
[ccna.smarthand.ro/category/uncategorized/feed]
[ccna.smarthand.ro/category/uncategorized.html]
[ccna.smarthand.ro/primapagina.html]
[ccna.smarthand.ro/author/stelianb/feed]
[ccna.smarthand.ro/author/stelianb.html]
[ccna.smarthand.ro/index905b.html]
[ccna.smarthand.ro/sample-page71fb.html]
[ccna.smarthand.ro/sample-page7207.html]
[ccna.smarthand.ro/sample-page3e91.html]
[ccna.smarthand.ro/index42dc.html]
[ccna.smarthand.ro/index2df4.html]
[ccna.smarthand.ro/index64b4.html]
[ccna.smarthand.ro/index2dc4.html]
[ccna.smarthand.ro/indexa1ca.html]
[ccna.smarthand.ro/indexd8eb.html]
[ccna.smarthand.ro/ccna1-chapter-07118b.html]
[ccna.smarthand.ro/index5831.html]
[ccna.smarthand.ro/index3965.html]
[ccna.smarthand.ro/index40a0.html]
[ccna.smarthand.ro/index970c.html]
[ccna.smarthand.ro/index1c4a.html]
[ccna.smarthand.ro/ccna1-enetwork-pt-practice-sba0843.html]
[ccna.smarthand.ro/ccna1-enetwork-pt-practice-sbabde5.html]
[ccna.smarthand.ro/ccna1-enetwork-pt-practice-sba6fab.html]
[ccna.smarthand.ro/ccna1-enetwork-pt-practice-sbacb29.html]
[ccna.smarthand.ro/ccna1-enetwork-pt-practice-sba9a29.html]
[ccna.smarthand.ro/index9cd7.html]
[ccna.smarthand.ro/ccna1-practice-final3b10.html]
[ccna.smarthand.ro/index6c46.html]
[ccna.smarthand.ro/index1e7e.html]
[ccna.smarthand.ro/index0d0b.html]
[ccna.smarthand.ro/indexb93f.html]
[ccna.smarthand.ro/indexba52.html]
[ccna.smarthand.ro/indexcbb6.html]
[ccna.smarthand.ro/index4170.html]
[ccna.smarthand.ro/index5e74.html]
[ccna.smarthand.ro/indexcb30.html]
[ccna.smarthand.ro/index0012.html]
[ccna.smarthand.ro/index8cf7.html]
[ccna.smarthand.ro/ccna2-practice-finala129.html]
[ccna.smarthand.ro/ccna2-practice-final194d.html]
[ccna.smarthand.ro/index5fb3.html]
[ccna.smarthand.ro/ccna2-practice-pdf3518.html]
[ccna.smarthand.ro/index8054.html]
[ccna.smarthand.ro/it-essentials-chapter-012e08.html]
[ccna.smarthand.ro/index9787.html]
[ccna.smarthand.ro/it-essentials-chapter-02faf1.html]
[ccna.smarthand.ro/it-essentials-chapter-02a82a.html]
[ccna.smarthand.ro/it-essentials-chapter-02cb1e.html]
[ccna.smarthand.ro/index1098.html]
[ccna.smarthand.ro/index2cce.html]
[ccna.smarthand.ro/it-essentials-chapter-05db9d.html]
[ccna.smarthand.ro/index7665.html]
[ccna.smarthand.ro/index96f1.html]
[ccna.smarthand.ro/it-essentials-chapter-07616c.html]
[ccna.smarthand.ro/indexe2dc.html]
[ccna.smarthand.ro/it-essentials-chapter-081b7b.html]
[ccna.smarthand.ro/it-essentials-chapter-085602.html]
[ccna.smarthand.ro/it-essentials-chapter-08d61b.html]
[ccna.smarthand.ro/indexb135.html]
[ccna.smarthand.ro/index6ffe.html]
[ccna.smarthand.ro/index44d0.html]
[ccna.smarthand.ro/index55e4.html]
[ccna.smarthand.ro/it-essentials-chapter-1246e3.html]
[ccna.smarthand.ro/it-essentials-chapter-12027c.html]
[ccna.smarthand.ro/it-essentials-chapter-12f0f0.html]
[ccna.smarthand.ro/index648c.html]
[ccna.smarthand.ro/it-essentials-chapter-138410.html]
[ccna.smarthand.ro/it-essentials-chapter-13db5d.html]
[ccna.smarthand.ro/index5d38.html]
[ccna.smarthand.ro/it-essentials-chapter-14dcee.html]
[ccna.smarthand.ro/it-essentials-chapter-143ed4.html]
[ccna.smarthand.ro/index3fbb.html]
[ccna.smarthand.ro/index8e15.html]
[ccna.smarthand.ro/indexb190.html]
[ccna.smarthand.ro/index5401.html]
[ccna.smarthand.ro/it-essentials-practice-final-exam-1-108009.html]
[ccna.smarthand.ro/index198a.html]
[ccna.smarthand.ro/it-essentials-practice-final-exam-11-16fdcf.html]
[ccna.smarthand.ro/it-essentials-practice-final-exam-11-16b147.html]
[ccna.smarthand.ro/it-essentials-practice-final-exam-11-16af49.html]
[ccna.smarthand.ro/it-essentials-practice-final-exam-11-166a51.html]
