[aiubproblemsolver.blogspot.de/index.html]
[backblue.gif]
[fade.gif]
[index.html]
[aiubproblemsolver.blogspot.de/favicon.ico]
[www.blogblog.com/1kt/watermark/post_background_navigator.png]
[www.blogblog.com/1kt/watermark/body_background_navigator.png]
[apis.google.com/js/plusone.js]
[pagead2.googlesyndication.com/pagead/js/google_top_exp.js]
[aiubproblemsolver.blogspot.de/2013/09/cisco-it-essentials-v-50-final-exam.html]
[img2.blogblog.com/img/icon18_edit_allbkg.gif]
[aiubproblemsolver.blogspot.de/search98fd.html]
[aiubproblemsolver.blogspot.de/search541f.html]
[aiubproblemsolver.blogspot.de/2013_09_01_archive.html]
[aiubproblemsolver.blogspot.de/2013_07_01_archive.html]
[img1.blogblog.com/img/icon18_wrench_allbkg.png]
[1.bp.blogspot.com/-pVReoZZRF3w/UfJE6x_lgkI/AAAAAAAAAAU/cRBoG0i9BM0/s220/url.jpg]
[www.blogger.com/img/logo-16.png]
[1.bp.blogspot.com/-jyICA3F7eOo/TbBE4YBgbpI/AAAAAAAAAEM/XU9sJQnzGvU/s1600/cctv.gif]
[www.blogger.com/static/v1/widgets/4103944743-widgets.js]
[aiubproblemsolver.blogspot.de/index.html]
[www.blogger.com/static/v1/jsbin/2373033623-comment_from_post_iframe.js]
[aiubproblemsolver.blogspot.de/2013/07/cisco-it-essentials-v-5-chapter-12.html]
[www.blogger.com/static/v1/widgets/3811003446-widgets.js]
[aiubproblemsolver.blogspot.de/2013/09/cisco-it-essentials-v-50-final-exam.html]
[aiubproblemsolver.blogspot.de/2013/07/cisco-it-essentials-v-5-chapter-11.html]
[aiubproblemsolver.blogspot.de/2013/07/cisco-it-essentials-v-5-chapter-10.html]
[aiubproblemsolver.blogspot.de/2013/07/cisco-it-essentials-v-5-chapter-9.html]
[aiubproblemsolver.blogspot.de/2013/07/cisco-it-essentials-v-5-chapter-8.html]
[aiubproblemsolver.blogspot.de/2013/07/cisco-it-essentials-v-5-chapter-7.html]
[aiubproblemsolver.blogspot.de/2013/07/cisco-it-essentials-v-5-chapter-6.html]
[aiubproblemsolver.blogspot.de/searchb63e.html]
[aiubproblemsolver.blogspot.de/2013/07/cisco-it-essentials-v-5-chapter-5.html]
[aiubproblemsolver.blogspot.de/2013/07/cisco-it-essentials-v-5-chapter-4.html]
[aiubproblemsolver.blogspot.de/2013/07/cisco-it-essentials-v-5-chapter-3.html]
[aiubproblemsolver.blogspot.de/2013/07/cisco-it-essentials-v-5-chapter-2.html]
[aiubproblemsolver.blogspot.de/search98fd.html]
[aiubproblemsolver.blogspot.de/2013/07/cisco-it-essentials-v-5-chapter-1.html]
[aiubproblemsolver.blogspot.de/search541f.html]
[aiubproblemsolver.blogspot.de/2013_09_01_archive.html]
[aiubproblemsolver.blogspot.de/2013_07_01_archive.html]
[aiubproblemsolver.blogspot.de/2013/07/cisco-it-essentials-v-5-chapter-12.html]
[aiubproblemsolver.blogspot.de/2013/07/cisco-it-essentials-v-5-chapter-11.html]
[aiubproblemsolver.blogspot.de/2013/07/cisco-it-essentials-v-5-chapter-10.html]
[aiubproblemsolver.blogspot.de/2013/07/cisco-it-essentials-v-5-chapter-9.html]
[aiubproblemsolver.blogspot.de/2013/07/cisco-it-essentials-v-5-chapter-8.html]
[aiubproblemsolver.blogspot.de/2013/07/cisco-it-essentials-v-5-chapter-7.html]
[aiubproblemsolver.blogspot.de/2013/07/cisco-it-essentials-v-5-chapter-6.html]
[aiubproblemsolver.blogspot.de/search02fc.html]
[aiubproblemsolver.blogspot.de/searchfcc6.html]
[aiubproblemsolver.blogspot.de/searchb63e.html]
[aiubproblemsolver.blogspot.de/2013/07/cisco-it-essentials-v-5-chapter-5.html]
[aiubproblemsolver.blogspot.de/2013/07/cisco-it-essentials-v-5-chapter-4.html]
[aiubproblemsolver.blogspot.de/2013/07/cisco-it-essentials-v-5-chapter-3.html]
[aiubproblemsolver.blogspot.de/2013/07/cisco-it-essentials-v-5-chapter-2.html]
[aiubproblemsolver.blogspot.de/2013/07/cisco-it-essentials-v-5-chapter-1.html]
[aiubproblemsolver.blogspot.de/search02fc.html]
[aiubproblemsolver.blogspot.de/search557b.html]
[aiubproblemsolver.blogspot.de/searchfcc6.html]
[aiubproblemsolver.blogspot.de/search557b.html]
[www.blogblog.com/1kt/watermark/post_background_navigator.png]
[www.blogblog.com/1kt/watermark/body_background_navigator.png]
[pagead2.googlesyndication.com/pagead/js/google_top_exp.js]
[apis.google.com/js/plusone.js]
[www.blogger.com/img/triangle_ltr.gif]
[www.blogger.com/static/v1/widgets/2023635439-widget_css_2_bundle.css]
[img2.blogblog.com/img/icon18_edit_allbkg.gif]
[img1.blogblog.com/img/icon18_wrench_allbkg.png]
[www.blogger.com/dyn-css/authorizationa23c.css]
[1.bp.blogspot.com/-pVReoZZRF3w/UfJE6x_lgkI/AAAAAAAAAAU/cRBoG0i9BM0/s220/url.jpg]
[www.blogger.com/img/logo-16.png]
[1.bp.blogspot.com/-jyICA3F7eOo/TbBE4YBgbpI/AAAAAAAAAEM/XU9sJQnzGvU/s1600/cctv.gif]
[www.blogger.com/static/v1/jsbin/2373033623-comment_from_post_iframe.js]
[www.blogger.com/img/triangle_ltr.gif]
[aiubproblemsolver.blogspot.de/2013/09/cisco-it-essentials-v-50-final-exam.html]
[www.blogger.com/static/v1/widgets/4103944743-widgets.js]
[www.blogger.com/static/v1/widgets/3811003446-widgets.js]
[aiubproblemsolver.blogspot.de/search98fd.html]
[www.blogger.com/static/v1/widgets/2356033831-widget_css_2_bundle.css]
[aiubproblemsolver.blogspot.de/2013/07/cisco-it-essentials-v-5-chapter-12.html]
[aiubproblemsolver.blogspot.de/2013/07/cisco-it-essentials-v-5-chapter-11.html]
